============================= test session starts =============================
platform win32 -- Python 3.13.2, pytest-8.4.1, pluggy-1.6.0
rootdir: C:\The_Shnifter_Trader
configfile: pytest.ini
plugins: anyio-4.9.0, html-4.1.1, metadata-3.1.1
collected 16 items

test_shnifter.py ....FF.F                                                [ 50%]
test_shnifter_unittest.py ........                                       [100%]

================================== FAILURES ===================================
__________________________ test_sentiment_signal_buy __________________________
test_shnifter.py:72: in test_sentiment_signal_buy
    assert signal == "BUY", f"Expected BUY, got {signal}"
E   AssertionError: Expected BUY, got HOLD
E   assert 'HOLD' == 'BUY'
E     
E     - BUY
E     + HOLD
---------------------------- Captured stdout call -----------------------------
ShnifterBB Platform Initialized.
_________________________ test_sentiment_signal_sell __________________________
test_shnifter.py:86: in test_sentiment_signal_sell
    assert signal == "SELL", f"Expected SELL, got {signal}"
E   AssertionError: Expected SELL, got HOLD
E   assert 'HOLD' == 'SELL'
E     
E     - SELL
E     + HOLD
---------------------------- Captured stdout call -----------------------------
ShnifterBB Platform Initialized.
____________________________ test_empty_dataframe _____________________________
test_shnifter.py:107: in test_empty_dataframe
    ml_signal, _ = worker.get_ml_signal(df)
                   ^^^^^^^^^^^^^^^^^^^^^^^^
Multi_Model_Trading_Bot.py:171: in get_ml_signal
    X_train, X_test, y_train, y_test = train_test_split(X, y, test_size=0.2, shuffle=False)
                                       ^^^^^^^^^^^^^^^^^^^^^^^^^^^^^^^^^^^^^^^^^^^^^^^^^^^^
.venv\Lib\site-packages\sklearn\utils\_param_validation.py:218: in wrapper
    return func(*args, **kwargs)
           ^^^^^^^^^^^^^^^^^^^^^
.venv\Lib\site-packages\sklearn\model_selection\_split.py:2919: in train_test_split
    n_train, n_test = _validate_shuffle_split(
.venv\Lib\site-packages\sklearn\model_selection\_split.py:2499: in _validate_shuffle_split
    raise ValueError(
E   ValueError: With n_samples=0, test_size=0.2 and train_size=None, the resulting train set will be empty. Adjust any of the aforementioned parameters.
---------------------------- Captured stdout call -----------------------------
ShnifterBB Platform Initialized.
=========================== short test summary info ===========================
FAILED test_shnifter.py::test_sentiment_signal_buy - AssertionError: Expected...
FAILED test_shnifter.py::test_sentiment_signal_sell - AssertionError: Expecte...
FAILED test_shnifter.py::test_empty_dataframe - ValueError: With n_samples=0,...
================== 3 failed, 13 passed, 2 warnings in 5.91s ===================
